The system is: Linux - /bin/sh: warning: setlocale: LC_ALL: cannot change locale (C.UTF-8)
3.10.0-1160.119.1.el7.x86_64 - _bin_sh: warning: setlocale: LC_ALL: cannot change locale (C.UTF-8)
x86_64
Compiling the C compiler identification source file "CMakeCCompilerId.c" succeeded.
Compiler: /usr/bin/gcc-11 
Build flags: 
Id flags:  

The output was:
0


Compilation of the C compiler identification source "CMakeCCompilerId.c" produced "a.out"

The C compiler identification is GNU, found in "/home/cht/Tree-DB/build/CMakeFiles/3.25.1/CompilerIdC/a.out"

Compiling the CXX compiler identification source file "CMakeCXXCompilerId.cpp" succeeded.
Compiler: /usr/bin/g++-11 
Build flags: 
Id flags:  

The output was:
0


Compilation of the CXX compiler identification source "CMakeCXXCompilerId.cpp" produced "a.out"

The CXX compiler identification is GNU, found in "/home/cht/Tree-DB/build/CMakeFiles/3.25.1/CompilerIdCXX/a.out"

Detecting C compiler ABI info compiled with the following output:
Change Dir: /home/cht/Tree-DB/build/CMakeFiles/CMakeScratch/TryCompile-0PXesu

Run Build Command(s):/usr/bin/gmake -f Makefile cmTC_b8073/fast && /usr/bin/gmake  -f CMakeFiles/cmTC_b8073.dir/build.make CMakeFiles/cmTC_b8073.dir/build
gmake[1]: Entering directory `/home/cht/Tree-DB/build/CMakeFiles/CMakeScratch/TryCompile-0PXesu'
Building C object CMakeFiles/cmTC_b8073.dir/CMakeCCompilerABI.c.o
/usr/bin/gcc-11   -v -o CMakeFiles/cmTC_b8073.dir/CMakeCCompilerABI.c.o -c /usr/local/share/cmake-3.25/Modules/CMakeCCompilerABI.c
Using built-in specs.
COLLECT_GCC=/usr/bin/gcc-11
Target: x86_64-pc-linux-gnu
Configured with: ../configure --prefix=/opt/gcc-11.4 --disable-multilib --enable-languages=c,c++
Thread model: posix
Supported LTO compression algorithms: zlib zstd
gcc version 11.4.0 (GCC) 
COLLECT_GCC_OPTIONS='-v' '-o' 'CMakeFiles/cmTC_b8073.dir/CMakeCCompilerABI.c.o' '-c' '-mtune=generic' '-march=x86-64' '-dumpdir' 'CMakeFiles/cmTC_b8073.dir/'
 /opt/gcc-11.4/libexec/gcc/x86_64-pc-linux-gnu/11.4.0/cc1 -quiet -v /usr/local/share/cmake-3.25/Modules/CMakeCCompilerABI.c -quiet -dumpdir CMakeFiles/cmTC_b8073.dir/ -dumpbase CMakeCCompilerABI.c.c -dumpbase-ext .c -mtune=generic -march=x86-64 -version -o /tmp/ccsxIdKx.s
GNU C17 (GCC) version 11.4.0 (x86_64-pc-linux-gnu)
	compiled by GNU C version 11.4.0, GMP version 6.1.0, MPFR version 3.1.6, MPC version 1.0.3, isl version isl-0.18-GMP

GGC heuristics: --param ggc-min-expand=100 --param ggc-min-heapsize=131072
ignoring nonexistent directory "/opt/gcc-11.4/lib/gcc/x86_64-pc-linux-gnu/11.4.0/../../../../x86_64-pc-linux-gnu/include"
#include "..." search starts here:
#include <...> search starts here:
 /opt/gcc-11.4/lib/gcc/x86_64-pc-linux-gnu/11.4.0/include
 /usr/local/include
 /opt/gcc-11.4/include
 /opt/gcc-11.4/lib/gcc/x86_64-pc-linux-gnu/11.4.0/include-fixed
 /usr/include
End of search list.
GNU C17 (GCC) version 11.4.0 (x86_64-pc-linux-gnu)
	compiled by GNU C version 11.4.0, GMP version 6.1.0, MPFR version 3.1.6, MPC version 1.0.3, isl version isl-0.18-GMP

GGC heuristics: --param ggc-min-expand=100 --param ggc-min-heapsize=131072
Compiler executable checksum: 69312ab53ce00acef9677da67fd35d60
COLLECT_GCC_OPTIONS='-v' '-o' 'CMakeFiles/cmTC_b8073.dir/CMakeCCompilerABI.c.o' '-c' '-mtune=generic' '-march=x86-64' '-dumpdir' 'CMakeFiles/cmTC_b8073.dir/'
 as -v --64 -o CMakeFiles/cmTC_b8073.dir/CMakeCCompilerABI.c.o /tmp/ccsxIdKx.s
GNU assembler version 2.27 (x86_64-redhat-linux) using BFD version version 2.27-44.base.el7_9.1
COMPILER_PATH=/opt/gcc-11.4/libexec/gcc/x86_64-pc-linux-gnu/11.4.0/:/opt/gcc-11.4/libexec/gcc/x86_64-pc-linux-gnu/11.4.0/:/opt/gcc-11.4/libexec/gcc/x86_64-pc-linux-gnu/:/opt/gcc-11.4/lib/gcc/x86_64-pc-linux-gnu/11.4.0/:/opt/gcc-11.4/lib/gcc/x86_64-pc-linux-gnu/
LIBRARY_PATH=/opt/gcc-11.4/lib/gcc/x86_64-pc-linux-gnu/11.4.0/:/opt/gcc-11.4/lib/gcc/x86_64-pc-linux-gnu/11.4.0/../../../../lib64/:/lib/../lib64/:/usr/lib/../lib64/:/opt/gcc-11.4/lib/gcc/x86_64-pc-linux-gnu/11.4.0/../../../:/lib/:/usr/lib/
COLLECT_GCC_OPTIONS='-v' '-o' 'CMakeFiles/cmTC_b8073.dir/CMakeCCompilerABI.c.o' '-c' '-mtune=generic' '-march=x86-64' '-dumpdir' 'CMakeFiles/cmTC_b8073.dir/CMakeCCompilerABI.c.'
Linking C executable cmTC_b8073
/usr/local/bin/cmake -E cmake_link_script CMakeFiles/cmTC_b8073.dir/link.txt --verbose=1
/usr/bin/gcc-11  -v CMakeFiles/cmTC_b8073.dir/CMakeCCompilerABI.c.o -o cmTC_b8073 
Using built-in specs.
COLLECT_GCC=/usr/bin/gcc-11
COLLECT_LTO_WRAPPER=/opt/gcc-11.4/libexec/gcc/x86_64-pc-linux-gnu/11.4.0/lto-wrapper
Target: x86_64-pc-linux-gnu
Configured with: ../configure --prefix=/opt/gcc-11.4 --disable-multilib --enable-languages=c,c++
Thread model: posix
Supported LTO compression algorithms: zlib zstd
gcc version 11.4.0 (GCC) 
COMPILER_PATH=/opt/gcc-11.4/libexec/gcc/x86_64-pc-linux-gnu/11.4.0/:/opt/gcc-11.4/libexec/gcc/x86_64-pc-linux-gnu/11.4.0/:/opt/gcc-11.4/libexec/gcc/x86_64-pc-linux-gnu/:/opt/gcc-11.4/lib/gcc/x86_64-pc-linux-gnu/11.4.0/:/opt/gcc-11.4/lib/gcc/x86_64-pc-linux-gnu/
LIBRARY_PATH=/opt/gcc-11.4/lib/gcc/x86_64-pc-linux-gnu/11.4.0/:/opt/gcc-11.4/lib/gcc/x86_64-pc-linux-gnu/11.4.0/../../../../lib64/:/lib/../lib64/:/usr/lib/../lib64/:/opt/gcc-11.4/lib/gcc/x86_64-pc-linux-gnu/11.4.0/../../../:/lib/:/usr/lib/
COLLECT_GCC_OPTIONS='-v' '-o' 'cmTC_b8073' '-mtune=generic' '-march=x86-64' '-dumpdir' 'cmTC_b8073.'
 /opt/gcc-11.4/libexec/gcc/x86_64-pc-linux-gnu/11.4.0/collect2 -plugin /opt/gcc-11.4/libexec/gcc/x86_64-pc-linux-gnu/11.4.0/liblto_plugin.so -plugin-opt=/opt/gcc-11.4/libexec/gcc/x86_64-pc-linux-gnu/11.4.0/lto-wrapper -plugin-opt=-fresolution=/tmp/cchVvdQz.res -plugin-opt=-pass-through=-lgcc -plugin-opt=-pass-through=-lgcc_s -plugin-opt=-pass-through=-lc -plugin-opt=-pass-through=-lgcc -plugin-opt=-pass-through=-lgcc_s --eh-frame-hdr -m elf_x86_64 -dynamic-linker /lib64/ld-linux-x86-64.so.2 -o cmTC_b8073 /lib/../lib64/crt1.o /lib/../lib64/crti.o /opt/gcc-11.4/lib/gcc/x86_64-pc-linux-gnu/11.4.0/crtbegin.o -L/opt/gcc-11.4/lib/gcc/x86_64-pc-linux-gnu/11.4.0 -L/opt/gcc-11.4/lib/gcc/x86_64-pc-linux-gnu/11.4.0/../../../../lib64 -L/lib/../lib64 -L/usr/lib/../lib64 -L/opt/gcc-11.4/lib/gcc/x86_64-pc-linux-gnu/11.4.0/../../.. CMakeFiles/cmTC_b8073.dir/CMakeCCompilerABI.c.o -lgcc --as-needed -lgcc_s --no-as-needed -lc -lgcc --as-needed -lgcc_s --no-as-needed /opt/gcc-11.4/lib/gcc/x86_64-pc-linux-gnu/11.4.0/crtend.o /lib/../lib64/crtn.o
COLLECT_GCC_OPTIONS='-v' '-o' 'cmTC_b8073' '-mtune=generic' '-march=x86-64' '-dumpdir' 'cmTC_b8073.'
gmake[1]: Leaving directory `/home/cht/Tree-DB/build/CMakeFiles/CMakeScratch/TryCompile-0PXesu'



Parsed C implicit include dir info from above output: rv=done
  found start of include info
  found start of implicit include info
    add: [/opt/gcc-11.4/lib/gcc/x86_64-pc-linux-gnu/11.4.0/include]
    add: [/usr/local/include]
    add: [/opt/gcc-11.4/include]
    add: [/opt/gcc-11.4/lib/gcc/x86_64-pc-linux-gnu/11.4.0/include-fixed]
    add: [/usr/include]
  end of search list found
  collapse include dir [/opt/gcc-11.4/lib/gcc/x86_64-pc-linux-gnu/11.4.0/include] ==> [/opt/gcc-11.4/lib/gcc/x86_64-pc-linux-gnu/11.4.0/include]
  collapse include dir [/usr/local/include] ==> [/usr/local/include]
  collapse include dir [/opt/gcc-11.4/include] ==> [/opt/gcc-11.4/include]
  collapse include dir [/opt/gcc-11.4/lib/gcc/x86_64-pc-linux-gnu/11.4.0/include-fixed] ==> [/opt/gcc-11.4/lib/gcc/x86_64-pc-linux-gnu/11.4.0/include-fixed]
  collapse include dir [/usr/include] ==> [/usr/include]
  implicit include dirs: [/opt/gcc-11.4/lib/gcc/x86_64-pc-linux-gnu/11.4.0/include;/usr/local/include;/opt/gcc-11.4/include;/opt/gcc-11.4/lib/gcc/x86_64-pc-linux-gnu/11.4.0/include-fixed;/usr/include]


Parsed C implicit link information from above output:
  link line regex: [^( *|.*[/\])(ld|CMAKE_LINK_STARTFILE-NOTFOUND|([^/\]+-)?ld|collect2)[^/\]*( |$)]
  ignore line: [Change Dir: /home/cht/Tree-DB/build/CMakeFiles/CMakeScratch/TryCompile-0PXesu]
  ignore line: []
  ignore line: [Run Build Command(s):/usr/bin/gmake -f Makefile cmTC_b8073/fast && /usr/bin/gmake  -f CMakeFiles/cmTC_b8073.dir/build.make CMakeFiles/cmTC_b8073.dir/build]
  ignore line: [gmake[1]: Entering directory `/home/cht/Tree-DB/build/CMakeFiles/CMakeScratch/TryCompile-0PXesu']
  ignore line: [Building C object CMakeFiles/cmTC_b8073.dir/CMakeCCompilerABI.c.o]
  ignore line: [/usr/bin/gcc-11   -v -o CMakeFiles/cmTC_b8073.dir/CMakeCCompilerABI.c.o -c /usr/local/share/cmake-3.25/Modules/CMakeCCompilerABI.c]
  ignore line: [Using built-in specs.]
  ignore line: [COLLECT_GCC=/usr/bin/gcc-11]
  ignore line: [Target: x86_64-pc-linux-gnu]
  ignore line: [Configured with: ../configure --prefix=/opt/gcc-11.4 --disable-multilib --enable-languages=c c++]
  ignore line: [Thread model: posix]
  ignore line: [Supported LTO compression algorithms: zlib zstd]
  ignore line: [gcc version 11.4.0 (GCC) ]
  ignore line: [COLLECT_GCC_OPTIONS='-v' '-o' 'CMakeFiles/cmTC_b8073.dir/CMakeCCompilerABI.c.o' '-c' '-mtune=generic' '-march=x86-64' '-dumpdir' 'CMakeFiles/cmTC_b8073.dir/']
  ignore line: [ /opt/gcc-11.4/libexec/gcc/x86_64-pc-linux-gnu/11.4.0/cc1 -quiet -v /usr/local/share/cmake-3.25/Modules/CMakeCCompilerABI.c -quiet -dumpdir CMakeFiles/cmTC_b8073.dir/ -dumpbase CMakeCCompilerABI.c.c -dumpbase-ext .c -mtune=generic -march=x86-64 -version -o /tmp/ccsxIdKx.s]
  ignore line: [GNU C17 (GCC) version 11.4.0 (x86_64-pc-linux-gnu)]
  ignore line: [	compiled by GNU C version 11.4.0  GMP version 6.1.0  MPFR version 3.1.6  MPC version 1.0.3  isl version isl-0.18-GMP]
  ignore line: []
  ignore line: [GGC heuristics: --param ggc-min-expand=100 --param ggc-min-heapsize=131072]
  ignore line: [ignoring nonexistent directory "/opt/gcc-11.4/lib/gcc/x86_64-pc-linux-gnu/11.4.0/../../../../x86_64-pc-linux-gnu/include"]
  ignore line: [#include "..." search starts here:]
  ignore line: [#include <...> search starts here:]
  ignore line: [ /opt/gcc-11.4/lib/gcc/x86_64-pc-linux-gnu/11.4.0/include]
  ignore line: [ /usr/local/include]
  ignore line: [ /opt/gcc-11.4/include]
  ignore line: [ /opt/gcc-11.4/lib/gcc/x86_64-pc-linux-gnu/11.4.0/include-fixed]
  ignore line: [ /usr/include]
  ignore line: [End of search list.]
  ignore line: [GNU C17 (GCC) version 11.4.0 (x86_64-pc-linux-gnu)]
  ignore line: [	compiled by GNU C version 11.4.0  GMP version 6.1.0  MPFR version 3.1.6  MPC version 1.0.3  isl version isl-0.18-GMP]
  ignore line: []
  ignore line: [GGC heuristics: --param ggc-min-expand=100 --param ggc-min-heapsize=131072]
  ignore line: [Compiler executable checksum: 69312ab53ce00acef9677da67fd35d60]
  ignore line: [COLLECT_GCC_OPTIONS='-v' '-o' 'CMakeFiles/cmTC_b8073.dir/CMakeCCompilerABI.c.o' '-c' '-mtune=generic' '-march=x86-64' '-dumpdir' 'CMakeFiles/cmTC_b8073.dir/']
  ignore line: [ as -v --64 -o CMakeFiles/cmTC_b8073.dir/CMakeCCompilerABI.c.o /tmp/ccsxIdKx.s]
  ignore line: [GNU assembler version 2.27 (x86_64-redhat-linux) using BFD version version 2.27-44.base.el7_9.1]
  ignore line: [COMPILER_PATH=/opt/gcc-11.4/libexec/gcc/x86_64-pc-linux-gnu/11.4.0/:/opt/gcc-11.4/libexec/gcc/x86_64-pc-linux-gnu/11.4.0/:/opt/gcc-11.4/libexec/gcc/x86_64-pc-linux-gnu/:/opt/gcc-11.4/lib/gcc/x86_64-pc-linux-gnu/11.4.0/:/opt/gcc-11.4/lib/gcc/x86_64-pc-linux-gnu/]
  ignore line: [LIBRARY_PATH=/opt/gcc-11.4/lib/gcc/x86_64-pc-linux-gnu/11.4.0/:/opt/gcc-11.4/lib/gcc/x86_64-pc-linux-gnu/11.4.0/../../../../lib64/:/lib/../lib64/:/usr/lib/../lib64/:/opt/gcc-11.4/lib/gcc/x86_64-pc-linux-gnu/11.4.0/../../../:/lib/:/usr/lib/]
  ignore line: [COLLECT_GCC_OPTIONS='-v' '-o' 'CMakeFiles/cmTC_b8073.dir/CMakeCCompilerABI.c.o' '-c' '-mtune=generic' '-march=x86-64' '-dumpdir' 'CMakeFiles/cmTC_b8073.dir/CMakeCCompilerABI.c.']
  ignore line: [Linking C executable cmTC_b8073]
  ignore line: [/usr/local/bin/cmake -E cmake_link_script CMakeFiles/cmTC_b8073.dir/link.txt --verbose=1]
  ignore line: [/usr/bin/gcc-11  -v CMakeFiles/cmTC_b8073.dir/CMakeCCompilerABI.c.o -o cmTC_b8073 ]
  ignore line: [Using built-in specs.]
  ignore line: [COLLECT_GCC=/usr/bin/gcc-11]
  ignore line: [COLLECT_LTO_WRAPPER=/opt/gcc-11.4/libexec/gcc/x86_64-pc-linux-gnu/11.4.0/lto-wrapper]
  ignore line: [Target: x86_64-pc-linux-gnu]
  ignore line: [Configured with: ../configure --prefix=/opt/gcc-11.4 --disable-multilib --enable-languages=c c++]
  ignore line: [Thread model: posix]
  ignore line: [Supported LTO compression algorithms: zlib zstd]
  ignore line: [gcc version 11.4.0 (GCC) ]
  ignore line: [COMPILER_PATH=/opt/gcc-11.4/libexec/gcc/x86_64-pc-linux-gnu/11.4.0/:/opt/gcc-11.4/libexec/gcc/x86_64-pc-linux-gnu/11.4.0/:/opt/gcc-11.4/libexec/gcc/x86_64-pc-linux-gnu/:/opt/gcc-11.4/lib/gcc/x86_64-pc-linux-gnu/11.4.0/:/opt/gcc-11.4/lib/gcc/x86_64-pc-linux-gnu/]
  ignore line: [LIBRARY_PATH=/opt/gcc-11.4/lib/gcc/x86_64-pc-linux-gnu/11.4.0/:/opt/gcc-11.4/lib/gcc/x86_64-pc-linux-gnu/11.4.0/../../../../lib64/:/lib/../lib64/:/usr/lib/../lib64/:/opt/gcc-11.4/lib/gcc/x86_64-pc-linux-gnu/11.4.0/../../../:/lib/:/usr/lib/]
  ignore line: [COLLECT_GCC_OPTIONS='-v' '-o' 'cmTC_b8073' '-mtune=generic' '-march=x86-64' '-dumpdir' 'cmTC_b8073.']
  link line: [ /opt/gcc-11.4/libexec/gcc/x86_64-pc-linux-gnu/11.4.0/collect2 -plugin /opt/gcc-11.4/libexec/gcc/x86_64-pc-linux-gnu/11.4.0/liblto_plugin.so -plugin-opt=/opt/gcc-11.4/libexec/gcc/x86_64-pc-linux-gnu/11.4.0/lto-wrapper -plugin-opt=-fresolution=/tmp/cchVvdQz.res -plugin-opt=-pass-through=-lgcc -plugin-opt=-pass-through=-lgcc_s -plugin-opt=-pass-through=-lc -plugin-opt=-pass-through=-lgcc -plugin-opt=-pass-through=-lgcc_s --eh-frame-hdr -m elf_x86_64 -dynamic-linker /lib64/ld-linux-x86-64.so.2 -o cmTC_b8073 /lib/../lib64/crt1.o /lib/../lib64/crti.o /opt/gcc-11.4/lib/gcc/x86_64-pc-linux-gnu/11.4.0/crtbegin.o -L/opt/gcc-11.4/lib/gcc/x86_64-pc-linux-gnu/11.4.0 -L/opt/gcc-11.4/lib/gcc/x86_64-pc-linux-gnu/11.4.0/../../../../lib64 -L/lib/../lib64 -L/usr/lib/../lib64 -L/opt/gcc-11.4/lib/gcc/x86_64-pc-linux-gnu/11.4.0/../../.. CMakeFiles/cmTC_b8073.dir/CMakeCCompilerABI.c.o -lgcc --as-needed -lgcc_s --no-as-needed -lc -lgcc --as-needed -lgcc_s --no-as-needed /opt/gcc-11.4/lib/gcc/x86_64-pc-linux-gnu/11.4.0/crtend.o /lib/../lib64/crtn.o]
    arg [/opt/gcc-11.4/libexec/gcc/x86_64-pc-linux-gnu/11.4.0/collect2] ==> ignore
    arg [-plugin] ==> ignore
    arg [/opt/gcc-11.4/libexec/gcc/x86_64-pc-linux-gnu/11.4.0/liblto_plugin.so] ==> ignore
    arg [-plugin-opt=/opt/gcc-11.4/libexec/gcc/x86_64-pc-linux-gnu/11.4.0/lto-wrapper] ==> ignore
    arg [-plugin-opt=-fresolution=/tmp/cchVvdQz.res] ==> ignore
    arg [-plugin-opt=-pass-through=-lgcc] ==> ignore
    arg [-plugin-opt=-pass-through=-lgcc_s] ==> ignore
    arg [-plugin-opt=-pass-through=-lc] ==> ignore
    arg [-plugin-opt=-pass-through=-lgcc] ==> ignore
    arg [-plugin-opt=-pass-through=-lgcc_s] ==> ignore
    arg [--eh-frame-hdr] ==> ignore
    arg [-m] ==> ignore
    arg [elf_x86_64] ==> ignore
    arg [-dynamic-linker] ==> ignore
    arg [/lib64/ld-linux-x86-64.so.2] ==> ignore
    arg [-o] ==> ignore
    arg [cmTC_b8073] ==> ignore
    arg [/lib/../lib64/crt1.o] ==> obj [/lib/../lib64/crt1.o]
    arg [/lib/../lib64/crti.o] ==> obj [/lib/../lib64/crti.o]
    arg [/opt/gcc-11.4/lib/gcc/x86_64-pc-linux-gnu/11.4.0/crtbegin.o] ==> obj [/opt/gcc-11.4/lib/gcc/x86_64-pc-linux-gnu/11.4.0/crtbegin.o]
    arg [-L/opt/gcc-11.4/lib/gcc/x86_64-pc-linux-gnu/11.4.0] ==> dir [/opt/gcc-11.4/lib/gcc/x86_64-pc-linux-gnu/11.4.0]
    arg [-L/opt/gcc-11.4/lib/gcc/x86_64-pc-linux-gnu/11.4.0/../../../../lib64] ==> dir [/opt/gcc-11.4/lib/gcc/x86_64-pc-linux-gnu/11.4.0/../../../../lib64]
    arg [-L/lib/../lib64] ==> dir [/lib/../lib64]
    arg [-L/usr/lib/../lib64] ==> dir [/usr/lib/../lib64]
    arg [-L/opt/gcc-11.4/lib/gcc/x86_64-pc-linux-gnu/11.4.0/../../..] ==> dir [/opt/gcc-11.4/lib/gcc/x86_64-pc-linux-gnu/11.4.0/../../..]
    arg [CMakeFiles/cmTC_b8073.dir/CMakeCCompilerABI.c.o] ==> ignore
    arg [-lgcc] ==> lib [gcc]
    arg [--as-needed] ==> ignore
    arg [-lgcc_s] ==> lib [gcc_s]
    arg [--no-as-needed] ==> ignore
    arg [-lc] ==> lib [c]
    arg [-lgcc] ==> lib [gcc]
    arg [--as-needed] ==> ignore
    arg [-lgcc_s] ==> lib [gcc_s]
    arg [--no-as-needed] ==> ignore
    arg [/opt/gcc-11.4/lib/gcc/x86_64-pc-linux-gnu/11.4.0/crtend.o] ==> obj [/opt/gcc-11.4/lib/gcc/x86_64-pc-linux-gnu/11.4.0/crtend.o]
    arg [/lib/../lib64/crtn.o] ==> obj [/lib/../lib64/crtn.o]
  collapse obj [/lib/../lib64/crt1.o] ==> [/lib64/crt1.o]
  collapse obj [/lib/../lib64/crti.o] ==> [/lib64/crti.o]
  collapse obj [/lib/../lib64/crtn.o] ==> [/lib64/crtn.o]
  collapse library dir [/opt/gcc-11.4/lib/gcc/x86_64-pc-linux-gnu/11.4.0] ==> [/opt/gcc-11.4/lib/gcc/x86_64-pc-linux-gnu/11.4.0]
  collapse library dir [/opt/gcc-11.4/lib/gcc/x86_64-pc-linux-gnu/11.4.0/../../../../lib64] ==> [/opt/gcc-11.4/lib64]
  collapse library dir [/lib/../lib64] ==> [/lib64]
  collapse library dir [/usr/lib/../lib64] ==> [/usr/lib64]
  collapse library dir [/opt/gcc-11.4/lib/gcc/x86_64-pc-linux-gnu/11.4.0/../../..] ==> [/opt/gcc-11.4/lib]
  implicit libs: [gcc;gcc_s;c;gcc;gcc_s]
  implicit objs: [/lib64/crt1.o;/lib64/crti.o;/opt/gcc-11.4/lib/gcc/x86_64-pc-linux-gnu/11.4.0/crtbegin.o;/opt/gcc-11.4/lib/gcc/x86_64-pc-linux-gnu/11.4.0/crtend.o;/lib64/crtn.o]
  implicit dirs: [/opt/gcc-11.4/lib/gcc/x86_64-pc-linux-gnu/11.4.0;/opt/gcc-11.4/lib64;/lib64;/usr/lib64;/opt/gcc-11.4/lib]
  implicit fwks: []


Detecting CXX compiler ABI info compiled with the following output:
Change Dir: /home/cht/Tree-DB/build/CMakeFiles/CMakeScratch/TryCompile-CGXctq

Run Build Command(s):/usr/bin/gmake -f Makefile cmTC_84f7c/fast && /usr/bin/gmake  -f CMakeFiles/cmTC_84f7c.dir/build.make CMakeFiles/cmTC_84f7c.dir/build
gmake[1]: Entering directory `/home/cht/Tree-DB/build/CMakeFiles/CMakeScratch/TryCompile-CGXctq'
Building CXX object CMakeFiles/cmTC_84f7c.dir/CMakeCXXCompilerABI.cpp.o
/usr/bin/g++-11   -v -o CMakeFiles/cmTC_84f7c.dir/CMakeCXXCompilerABI.cpp.o -c /usr/local/share/cmake-3.25/Modules/CMakeCXXCompilerABI.cpp
Using built-in specs.
COLLECT_GCC=/usr/bin/g++-11
Target: x86_64-pc-linux-gnu
Configured with: ../configure --prefix=/opt/gcc-11.4 --disable-multilib --enable-languages=c,c++
Thread model: posix
Supported LTO compression algorithms: zlib zstd
gcc version 11.4.0 (GCC) 
COLLECT_GCC_OPTIONS='-v' '-o' 'CMakeFiles/cmTC_84f7c.dir/CMakeCXXCompilerABI.cpp.o' '-c' '-shared-libgcc' '-mtune=generic' '-march=x86-64' '-dumpdir' 'CMakeFiles/cmTC_84f7c.dir/'
 /opt/gcc-11.4/libexec/gcc/x86_64-pc-linux-gnu/11.4.0/cc1plus -quiet -v -D_GNU_SOURCE /usr/local/share/cmake-3.25/Modules/CMakeCXXCompilerABI.cpp -quiet -dumpdir CMakeFiles/cmTC_84f7c.dir/ -dumpbase CMakeCXXCompilerABI.cpp.cpp -dumpbase-ext .cpp -mtune=generic -march=x86-64 -version -o /tmp/ccS3fygD.s
GNU C++17 (GCC) version 11.4.0 (x86_64-pc-linux-gnu)
	compiled by GNU C version 11.4.0, GMP version 6.1.0, MPFR version 3.1.6, MPC version 1.0.3, isl version isl-0.18-GMP

GGC heuristics: --param ggc-min-expand=100 --param ggc-min-heapsize=131072
ignoring nonexistent directory "/opt/gcc-11.4/lib/gcc/x86_64-pc-linux-gnu/11.4.0/../../../../x86_64-pc-linux-gnu/include"
#include "..." search starts here:
#include <...> search starts here:
 /opt/gcc-11.4/lib/gcc/x86_64-pc-linux-gnu/11.4.0/../../../../include/c++/11.4.0
 /opt/gcc-11.4/lib/gcc/x86_64-pc-linux-gnu/11.4.0/../../../../include/c++/11.4.0/x86_64-pc-linux-gnu
 /opt/gcc-11.4/lib/gcc/x86_64-pc-linux-gnu/11.4.0/../../../../include/c++/11.4.0/backward
 /opt/gcc-11.4/lib/gcc/x86_64-pc-linux-gnu/11.4.0/include
 /usr/local/include
 /opt/gcc-11.4/include
 /opt/gcc-11.4/lib/gcc/x86_64-pc-linux-gnu/11.4.0/include-fixed
 /usr/include
End of search list.
GNU C++17 (GCC) version 11.4.0 (x86_64-pc-linux-gnu)
	compiled by GNU C version 11.4.0, GMP version 6.1.0, MPFR version 3.1.6, MPC version 1.0.3, isl version isl-0.18-GMP

GGC heuristics: --param ggc-min-expand=100 --param ggc-min-heapsize=131072
Compiler executable checksum: f92d7c8652953cfd60659e97a4878eb9
COLLECT_GCC_OPTIONS='-v' '-o' 'CMakeFiles/cmTC_84f7c.dir/CMakeCXXCompilerABI.cpp.o' '-c' '-shared-libgcc' '-mtune=generic' '-march=x86-64' '-dumpdir' 'CMakeFiles/cmTC_84f7c.dir/'
 as -v --64 -o CMakeFiles/cmTC_84f7c.dir/CMakeCXXCompilerABI.cpp.o /tmp/ccS3fygD.s
GNU assembler version 2.27 (x86_64-redhat-linux) using BFD version version 2.27-44.base.el7_9.1
COMPILER_PATH=/opt/gcc-11.4/libexec/gcc/x86_64-pc-linux-gnu/11.4.0/:/opt/gcc-11.4/libexec/gcc/x86_64-pc-linux-gnu/11.4.0/:/opt/gcc-11.4/libexec/gcc/x86_64-pc-linux-gnu/:/opt/gcc-11.4/lib/gcc/x86_64-pc-linux-gnu/11.4.0/:/opt/gcc-11.4/lib/gcc/x86_64-pc-linux-gnu/
LIBRARY_PATH=/opt/gcc-11.4/lib/gcc/x86_64-pc-linux-gnu/11.4.0/:/opt/gcc-11.4/lib/gcc/x86_64-pc-linux-gnu/11.4.0/../../../../lib64/:/lib/../lib64/:/usr/lib/../lib64/:/opt/gcc-11.4/lib/gcc/x86_64-pc-linux-gnu/11.4.0/../../../:/lib/:/usr/lib/
COLLECT_GCC_OPTIONS='-v' '-o' 'CMakeFiles/cmTC_84f7c.dir/CMakeCXXCompilerABI.cpp.o' '-c' '-shared-libgcc' '-mtune=generic' '-march=x86-64' '-dumpdir' 'CMakeFiles/cmTC_84f7c.dir/CMakeCXXCompilerABI.cpp.'
Linking CXX executable cmTC_84f7c
/usr/local/bin/cmake -E cmake_link_script CMakeFiles/cmTC_84f7c.dir/link.txt --verbose=1
/usr/bin/g++-11  -v CMakeFiles/cmTC_84f7c.dir/CMakeCXXCompilerABI.cpp.o -o cmTC_84f7c 
Using built-in specs.
COLLECT_GCC=/usr/bin/g++-11
COLLECT_LTO_WRAPPER=/opt/gcc-11.4/libexec/gcc/x86_64-pc-linux-gnu/11.4.0/lto-wrapper
Target: x86_64-pc-linux-gnu
Configured with: ../configure --prefix=/opt/gcc-11.4 --disable-multilib --enable-languages=c,c++
Thread model: posix
Supported LTO compression algorithms: zlib zstd
gcc version 11.4.0 (GCC) 
COMPILER_PATH=/opt/gcc-11.4/libexec/gcc/x86_64-pc-linux-gnu/11.4.0/:/opt/gcc-11.4/libexec/gcc/x86_64-pc-linux-gnu/11.4.0/:/opt/gcc-11.4/libexec/gcc/x86_64-pc-linux-gnu/:/opt/gcc-11.4/lib/gcc/x86_64-pc-linux-gnu/11.4.0/:/opt/gcc-11.4/lib/gcc/x86_64-pc-linux-gnu/
LIBRARY_PATH=/opt/gcc-11.4/lib/gcc/x86_64-pc-linux-gnu/11.4.0/:/opt/gcc-11.4/lib/gcc/x86_64-pc-linux-gnu/11.4.0/../../../../lib64/:/lib/../lib64/:/usr/lib/../lib64/:/opt/gcc-11.4/lib/gcc/x86_64-pc-linux-gnu/11.4.0/../../../:/lib/:/usr/lib/
COLLECT_GCC_OPTIONS='-v' '-o' 'cmTC_84f7c' '-shared-libgcc' '-mtune=generic' '-march=x86-64' '-dumpdir' 'cmTC_84f7c.'
 /opt/gcc-11.4/libexec/gcc/x86_64-pc-linux-gnu/11.4.0/collect2 -plugin /opt/gcc-11.4/libexec/gcc/x86_64-pc-linux-gnu/11.4.0/liblto_plugin.so -plugin-opt=/opt/gcc-11.4/libexec/gcc/x86_64-pc-linux-gnu/11.4.0/lto-wrapper -plugin-opt=-fresolution=/tmp/ccxSnS5J.res -plugin-opt=-pass-through=-lgcc_s -plugin-opt=-pass-through=-lgcc -plugin-opt=-pass-through=-lc -plugin-opt=-pass-through=-lgcc_s -plugin-opt=-pass-through=-lgcc --eh-frame-hdr -m elf_x86_64 -dynamic-linker /lib64/ld-linux-x86-64.so.2 -o cmTC_84f7c /lib/../lib64/crt1.o /lib/../lib64/crti.o /opt/gcc-11.4/lib/gcc/x86_64-pc-linux-gnu/11.4.0/crtbegin.o -L/opt/gcc-11.4/lib/gcc/x86_64-pc-linux-gnu/11.4.0 -L/opt/gcc-11.4/lib/gcc/x86_64-pc-linux-gnu/11.4.0/../../../../lib64 -L/lib/../lib64 -L/usr/lib/../lib64 -L/opt/gcc-11.4/lib/gcc/x86_64-pc-linux-gnu/11.4.0/../../.. CMakeFiles/cmTC_84f7c.dir/CMakeCXXCompilerABI.cpp.o -lstdc++ -lm -lgcc_s -lgcc -lc -lgcc_s -lgcc /opt/gcc-11.4/lib/gcc/x86_64-pc-linux-gnu/11.4.0/crtend.o /lib/../lib64/crtn.o
COLLECT_GCC_OPTIONS='-v' '-o' 'cmTC_84f7c' '-shared-libgcc' '-mtune=generic' '-march=x86-64' '-dumpdir' 'cmTC_84f7c.'
gmake[1]: Leaving directory `/home/cht/Tree-DB/build/CMakeFiles/CMakeScratch/TryCompile-CGXctq'



Parsed CXX implicit include dir info from above output: rv=done
  found start of include info
  found start of implicit include info
    add: [/opt/gcc-11.4/lib/gcc/x86_64-pc-linux-gnu/11.4.0/../../../../include/c++/11.4.0]
    add: [/opt/gcc-11.4/lib/gcc/x86_64-pc-linux-gnu/11.4.0/../../../../include/c++/11.4.0/x86_64-pc-linux-gnu]
    add: [/opt/gcc-11.4/lib/gcc/x86_64-pc-linux-gnu/11.4.0/../../../../include/c++/11.4.0/backward]
    add: [/opt/gcc-11.4/lib/gcc/x86_64-pc-linux-gnu/11.4.0/include]
    add: [/usr/local/include]
    add: [/opt/gcc-11.4/include]
    add: [/opt/gcc-11.4/lib/gcc/x86_64-pc-linux-gnu/11.4.0/include-fixed]
    add: [/usr/include]
  end of search list found
  collapse include dir [/opt/gcc-11.4/lib/gcc/x86_64-pc-linux-gnu/11.4.0/../../../../include/c++/11.4.0] ==> [/opt/gcc-11.4/include/c++/11.4.0]
  collapse include dir [/opt/gcc-11.4/lib/gcc/x86_64-pc-linux-gnu/11.4.0/../../../../include/c++/11.4.0/x86_64-pc-linux-gnu] ==> [/opt/gcc-11.4/include/c++/11.4.0/x86_64-pc-linux-gnu]
  collapse include dir [/opt/gcc-11.4/lib/gcc/x86_64-pc-linux-gnu/11.4.0/../../../../include/c++/11.4.0/backward] ==> [/opt/gcc-11.4/include/c++/11.4.0/backward]
  collapse include dir [/opt/gcc-11.4/lib/gcc/x86_64-pc-linux-gnu/11.4.0/include] ==> [/opt/gcc-11.4/lib/gcc/x86_64-pc-linux-gnu/11.4.0/include]
  collapse include dir [/usr/local/include] ==> [/usr/local/include]
  collapse include dir [/opt/gcc-11.4/include] ==> [/opt/gcc-11.4/include]
  collapse include dir [/opt/gcc-11.4/lib/gcc/x86_64-pc-linux-gnu/11.4.0/include-fixed] ==> [/opt/gcc-11.4/lib/gcc/x86_64-pc-linux-gnu/11.4.0/include-fixed]
  collapse include dir [/usr/include] ==> [/usr/include]
  implicit include dirs: [/opt/gcc-11.4/include/c++/11.4.0;/opt/gcc-11.4/include/c++/11.4.0/x86_64-pc-linux-gnu;/opt/gcc-11.4/include/c++/11.4.0/backward;/opt/gcc-11.4/lib/gcc/x86_64-pc-linux-gnu/11.4.0/include;/usr/local/include;/opt/gcc-11.4/include;/opt/gcc-11.4/lib/gcc/x86_64-pc-linux-gnu/11.4.0/include-fixed;/usr/include]


Parsed CXX implicit link information from above output:
  link line regex: [^( *|.*[/\])(ld|CMAKE_LINK_STARTFILE-NOTFOUND|([^/\]+-)?ld|collect2)[^/\]*( |$)]
  ignore line: [Change Dir: /home/cht/Tree-DB/build/CMakeFiles/CMakeScratch/TryCompile-CGXctq]
  ignore line: []
  ignore line: [Run Build Command(s):/usr/bin/gmake -f Makefile cmTC_84f7c/fast && /usr/bin/gmake  -f CMakeFiles/cmTC_84f7c.dir/build.make CMakeFiles/cmTC_84f7c.dir/build]
  ignore line: [gmake[1]: Entering directory `/home/cht/Tree-DB/build/CMakeFiles/CMakeScratch/TryCompile-CGXctq']
  ignore line: [Building CXX object CMakeFiles/cmTC_84f7c.dir/CMakeCXXCompilerABI.cpp.o]
  ignore line: [/usr/bin/g++-11   -v -o CMakeFiles/cmTC_84f7c.dir/CMakeCXXCompilerABI.cpp.o -c /usr/local/share/cmake-3.25/Modules/CMakeCXXCompilerABI.cpp]
  ignore line: [Using built-in specs.]
  ignore line: [COLLECT_GCC=/usr/bin/g++-11]
  ignore line: [Target: x86_64-pc-linux-gnu]
  ignore line: [Configured with: ../configure --prefix=/opt/gcc-11.4 --disable-multilib --enable-languages=c c++]
  ignore line: [Thread model: posix]
  ignore line: [Supported LTO compression algorithms: zlib zstd]
  ignore line: [gcc version 11.4.0 (GCC) ]
  ignore line: [COLLECT_GCC_OPTIONS='-v' '-o' 'CMakeFiles/cmTC_84f7c.dir/CMakeCXXCompilerABI.cpp.o' '-c' '-shared-libgcc' '-mtune=generic' '-march=x86-64' '-dumpdir' 'CMakeFiles/cmTC_84f7c.dir/']
  ignore line: [ /opt/gcc-11.4/libexec/gcc/x86_64-pc-linux-gnu/11.4.0/cc1plus -quiet -v -D_GNU_SOURCE /usr/local/share/cmake-3.25/Modules/CMakeCXXCompilerABI.cpp -quiet -dumpdir CMakeFiles/cmTC_84f7c.dir/ -dumpbase CMakeCXXCompilerABI.cpp.cpp -dumpbase-ext .cpp -mtune=generic -march=x86-64 -version -o /tmp/ccS3fygD.s]
  ignore line: [GNU C++17 (GCC) version 11.4.0 (x86_64-pc-linux-gnu)]
  ignore line: [	compiled by GNU C version 11.4.0  GMP version 6.1.0  MPFR version 3.1.6  MPC version 1.0.3  isl version isl-0.18-GMP]
  ignore line: []
  ignore line: [GGC heuristics: --param ggc-min-expand=100 --param ggc-min-heapsize=131072]
  ignore line: [ignoring nonexistent directory "/opt/gcc-11.4/lib/gcc/x86_64-pc-linux-gnu/11.4.0/../../../../x86_64-pc-linux-gnu/include"]
  ignore line: [#include "..." search starts here:]
  ignore line: [#include <...> search starts here:]
  ignore line: [ /opt/gcc-11.4/lib/gcc/x86_64-pc-linux-gnu/11.4.0/../../../../include/c++/11.4.0]
  ignore line: [ /opt/gcc-11.4/lib/gcc/x86_64-pc-linux-gnu/11.4.0/../../../../include/c++/11.4.0/x86_64-pc-linux-gnu]
  ignore line: [ /opt/gcc-11.4/lib/gcc/x86_64-pc-linux-gnu/11.4.0/../../../../include/c++/11.4.0/backward]
  ignore line: [ /opt/gcc-11.4/lib/gcc/x86_64-pc-linux-gnu/11.4.0/include]
  ignore line: [ /usr/local/include]
  ignore line: [ /opt/gcc-11.4/include]
  ignore line: [ /opt/gcc-11.4/lib/gcc/x86_64-pc-linux-gnu/11.4.0/include-fixed]
  ignore line: [ /usr/include]
  ignore line: [End of search list.]
  ignore line: [GNU C++17 (GCC) version 11.4.0 (x86_64-pc-linux-gnu)]
  ignore line: [	compiled by GNU C version 11.4.0  GMP version 6.1.0  MPFR version 3.1.6  MPC version 1.0.3  isl version isl-0.18-GMP]
  ignore line: []
  ignore line: [GGC heuristics: --param ggc-min-expand=100 --param ggc-min-heapsize=131072]
  ignore line: [Compiler executable checksum: f92d7c8652953cfd60659e97a4878eb9]
  ignore line: [COLLECT_GCC_OPTIONS='-v' '-o' 'CMakeFiles/cmTC_84f7c.dir/CMakeCXXCompilerABI.cpp.o' '-c' '-shared-libgcc' '-mtune=generic' '-march=x86-64' '-dumpdir' 'CMakeFiles/cmTC_84f7c.dir/']
  ignore line: [ as -v --64 -o CMakeFiles/cmTC_84f7c.dir/CMakeCXXCompilerABI.cpp.o /tmp/ccS3fygD.s]
  ignore line: [GNU assembler version 2.27 (x86_64-redhat-linux) using BFD version version 2.27-44.base.el7_9.1]
  ignore line: [COMPILER_PATH=/opt/gcc-11.4/libexec/gcc/x86_64-pc-linux-gnu/11.4.0/:/opt/gcc-11.4/libexec/gcc/x86_64-pc-linux-gnu/11.4.0/:/opt/gcc-11.4/libexec/gcc/x86_64-pc-linux-gnu/:/opt/gcc-11.4/lib/gcc/x86_64-pc-linux-gnu/11.4.0/:/opt/gcc-11.4/lib/gcc/x86_64-pc-linux-gnu/]
  ignore line: [LIBRARY_PATH=/opt/gcc-11.4/lib/gcc/x86_64-pc-linux-gnu/11.4.0/:/opt/gcc-11.4/lib/gcc/x86_64-pc-linux-gnu/11.4.0/../../../../lib64/:/lib/../lib64/:/usr/lib/../lib64/:/opt/gcc-11.4/lib/gcc/x86_64-pc-linux-gnu/11.4.0/../../../:/lib/:/usr/lib/]
  ignore line: [COLLECT_GCC_OPTIONS='-v' '-o' 'CMakeFiles/cmTC_84f7c.dir/CMakeCXXCompilerABI.cpp.o' '-c' '-shared-libgcc' '-mtune=generic' '-march=x86-64' '-dumpdir' 'CMakeFiles/cmTC_84f7c.dir/CMakeCXXCompilerABI.cpp.']
  ignore line: [Linking CXX executable cmTC_84f7c]
  ignore line: [/usr/local/bin/cmake -E cmake_link_script CMakeFiles/cmTC_84f7c.dir/link.txt --verbose=1]
  ignore line: [/usr/bin/g++-11  -v CMakeFiles/cmTC_84f7c.dir/CMakeCXXCompilerABI.cpp.o -o cmTC_84f7c ]
  ignore line: [Using built-in specs.]
  ignore line: [COLLECT_GCC=/usr/bin/g++-11]
  ignore line: [COLLECT_LTO_WRAPPER=/opt/gcc-11.4/libexec/gcc/x86_64-pc-linux-gnu/11.4.0/lto-wrapper]
  ignore line: [Target: x86_64-pc-linux-gnu]
  ignore line: [Configured with: ../configure --prefix=/opt/gcc-11.4 --disable-multilib --enable-languages=c c++]
  ignore line: [Thread model: posix]
  ignore line: [Supported LTO compression algorithms: zlib zstd]
  ignore line: [gcc version 11.4.0 (GCC) ]
  ignore line: [COMPILER_PATH=/opt/gcc-11.4/libexec/gcc/x86_64-pc-linux-gnu/11.4.0/:/opt/gcc-11.4/libexec/gcc/x86_64-pc-linux-gnu/11.4.0/:/opt/gcc-11.4/libexec/gcc/x86_64-pc-linux-gnu/:/opt/gcc-11.4/lib/gcc/x86_64-pc-linux-gnu/11.4.0/:/opt/gcc-11.4/lib/gcc/x86_64-pc-linux-gnu/]
  ignore line: [LIBRARY_PATH=/opt/gcc-11.4/lib/gcc/x86_64-pc-linux-gnu/11.4.0/:/opt/gcc-11.4/lib/gcc/x86_64-pc-linux-gnu/11.4.0/../../../../lib64/:/lib/../lib64/:/usr/lib/../lib64/:/opt/gcc-11.4/lib/gcc/x86_64-pc-linux-gnu/11.4.0/../../../:/lib/:/usr/lib/]
  ignore line: [COLLECT_GCC_OPTIONS='-v' '-o' 'cmTC_84f7c' '-shared-libgcc' '-mtune=generic' '-march=x86-64' '-dumpdir' 'cmTC_84f7c.']
  link line: [ /opt/gcc-11.4/libexec/gcc/x86_64-pc-linux-gnu/11.4.0/collect2 -plugin /opt/gcc-11.4/libexec/gcc/x86_64-pc-linux-gnu/11.4.0/liblto_plugin.so -plugin-opt=/opt/gcc-11.4/libexec/gcc/x86_64-pc-linux-gnu/11.4.0/lto-wrapper -plugin-opt=-fresolution=/tmp/ccxSnS5J.res -plugin-opt=-pass-through=-lgcc_s -plugin-opt=-pass-through=-lgcc -plugin-opt=-pass-through=-lc -plugin-opt=-pass-through=-lgcc_s -plugin-opt=-pass-through=-lgcc --eh-frame-hdr -m elf_x86_64 -dynamic-linker /lib64/ld-linux-x86-64.so.2 -o cmTC_84f7c /lib/../lib64/crt1.o /lib/../lib64/crti.o /opt/gcc-11.4/lib/gcc/x86_64-pc-linux-gnu/11.4.0/crtbegin.o -L/opt/gcc-11.4/lib/gcc/x86_64-pc-linux-gnu/11.4.0 -L/opt/gcc-11.4/lib/gcc/x86_64-pc-linux-gnu/11.4.0/../../../../lib64 -L/lib/../lib64 -L/usr/lib/../lib64 -L/opt/gcc-11.4/lib/gcc/x86_64-pc-linux-gnu/11.4.0/../../.. CMakeFiles/cmTC_84f7c.dir/CMakeCXXCompilerABI.cpp.o -lstdc++ -lm -lgcc_s -lgcc -lc -lgcc_s -lgcc /opt/gcc-11.4/lib/gcc/x86_64-pc-linux-gnu/11.4.0/crtend.o /lib/../lib64/crtn.o]
    arg [/opt/gcc-11.4/libexec/gcc/x86_64-pc-linux-gnu/11.4.0/collect2] ==> ignore
    arg [-plugin] ==> ignore
    arg [/opt/gcc-11.4/libexec/gcc/x86_64-pc-linux-gnu/11.4.0/liblto_plugin.so] ==> ignore
    arg [-plugin-opt=/opt/gcc-11.4/libexec/gcc/x86_64-pc-linux-gnu/11.4.0/lto-wrapper] ==> ignore
    arg [-plugin-opt=-fresolution=/tmp/ccxSnS5J.res] ==> ignore
    arg [-plugin-opt=-pass-through=-lgcc_s] ==> ignore
    arg [-plugin-opt=-pass-through=-lgcc] ==> ignore
    arg [-plugin-opt=-pass-through=-lc] ==> ignore
    arg [-plugin-opt=-pass-through=-lgcc_s] ==> ignore
    arg [-plugin-opt=-pass-through=-lgcc] ==> ignore
    arg [--eh-frame-hdr] ==> ignore
    arg [-m] ==> ignore
    arg [elf_x86_64] ==> ignore
    arg [-dynamic-linker] ==> ignore
    arg [/lib64/ld-linux-x86-64.so.2] ==> ignore
    arg [-o] ==> ignore
    arg [cmTC_84f7c] ==> ignore
    arg [/lib/../lib64/crt1.o] ==> obj [/lib/../lib64/crt1.o]
    arg [/lib/../lib64/crti.o] ==> obj [/lib/../lib64/crti.o]
    arg [/opt/gcc-11.4/lib/gcc/x86_64-pc-linux-gnu/11.4.0/crtbegin.o] ==> obj [/opt/gcc-11.4/lib/gcc/x86_64-pc-linux-gnu/11.4.0/crtbegin.o]
    arg [-L/opt/gcc-11.4/lib/gcc/x86_64-pc-linux-gnu/11.4.0] ==> dir [/opt/gcc-11.4/lib/gcc/x86_64-pc-linux-gnu/11.4.0]
    arg [-L/opt/gcc-11.4/lib/gcc/x86_64-pc-linux-gnu/11.4.0/../../../../lib64] ==> dir [/opt/gcc-11.4/lib/gcc/x86_64-pc-linux-gnu/11.4.0/../../../../lib64]
    arg [-L/lib/../lib64] ==> dir [/lib/../lib64]
    arg [-L/usr/lib/../lib64] ==> dir [/usr/lib/../lib64]
    arg [-L/opt/gcc-11.4/lib/gcc/x86_64-pc-linux-gnu/11.4.0/../../..] ==> dir [/opt/gcc-11.4/lib/gcc/x86_64-pc-linux-gnu/11.4.0/../../..]
    arg [CMakeFiles/cmTC_84f7c.dir/CMakeCXXCompilerABI.cpp.o] ==> ignore
    arg [-lstdc++] ==> lib [stdc++]
    arg [-lm] ==> lib [m]
    arg [-lgcc_s] ==> lib [gcc_s]
    arg [-lgcc] ==> lib [gcc]
    arg [-lc] ==> lib [c]
    arg [-lgcc_s] ==> lib [gcc_s]
    arg [-lgcc] ==> lib [gcc]
    arg [/opt/gcc-11.4/lib/gcc/x86_64-pc-linux-gnu/11.4.0/crtend.o] ==> obj [/opt/gcc-11.4/lib/gcc/x86_64-pc-linux-gnu/11.4.0/crtend.o]
    arg [/lib/../lib64/crtn.o] ==> obj [/lib/../lib64/crtn.o]
  collapse obj [/lib/../lib64/crt1.o] ==> [/lib64/crt1.o]
  collapse obj [/lib/../lib64/crti.o] ==> [/lib64/crti.o]
  collapse obj [/lib/../lib64/crtn.o] ==> [/lib64/crtn.o]
  collapse library dir [/opt/gcc-11.4/lib/gcc/x86_64-pc-linux-gnu/11.4.0] ==> [/opt/gcc-11.4/lib/gcc/x86_64-pc-linux-gnu/11.4.0]
  collapse library dir [/opt/gcc-11.4/lib/gcc/x86_64-pc-linux-gnu/11.4.0/../../../../lib64] ==> [/opt/gcc-11.4/lib64]
  collapse library dir [/lib/../lib64] ==> [/lib64]
  collapse library dir [/usr/lib/../lib64] ==> [/usr/lib64]
  collapse library dir [/opt/gcc-11.4/lib/gcc/x86_64-pc-linux-gnu/11.4.0/../../..] ==> [/opt/gcc-11.4/lib]
  implicit libs: [stdc++;m;gcc_s;gcc;c;gcc_s;gcc]
  implicit objs: [/lib64/crt1.o;/lib64/crti.o;/opt/gcc-11.4/lib/gcc/x86_64-pc-linux-gnu/11.4.0/crtbegin.o;/opt/gcc-11.4/lib/gcc/x86_64-pc-linux-gnu/11.4.0/crtend.o;/lib64/crtn.o]
  implicit dirs: [/opt/gcc-11.4/lib/gcc/x86_64-pc-linux-gnu/11.4.0;/opt/gcc-11.4/lib64;/lib64;/usr/lib64;/opt/gcc-11.4/lib]
  implicit fwks: []


Determining if the function pthread_create exists in the pthread passed with the following output:
Change Dir: /home/cht/Tree-DB/build/CMakeFiles/CMakeScratch/TryCompile-geq5sh

Run Build Command(s):/usr/bin/gmake -f Makefile cmTC_81c61/fast && /usr/bin/gmake  -f CMakeFiles/cmTC_81c61.dir/build.make CMakeFiles/cmTC_81c61.dir/build
gmake[1]: Entering directory `/home/cht/Tree-DB/build/CMakeFiles/CMakeScratch/TryCompile-geq5sh'
/bin/sh: warning: setlocale: LC_ALL: cannot change locale (C.UTF-8)
Building C object CMakeFiles/cmTC_81c61.dir/CheckFunctionExists.c.o
/usr/bin/gcc-11   -DCHECK_FUNCTION_EXISTS=pthread_create -o CMakeFiles/cmTC_81c61.dir/CheckFunctionExists.c.o -c /home/cht/Tree-DB/build/CMakeFiles/CMakeScratch/TryCompile-geq5sh/CheckFunctionExists.c
/bin/sh: warning: setlocale: LC_ALL: cannot change locale (C.UTF-8)
Linking C executable cmTC_81c61
/usr/local/bin/cmake -E cmake_link_script CMakeFiles/cmTC_81c61.dir/link.txt --verbose=1
/usr/bin/gcc-11  -DCHECK_FUNCTION_EXISTS=pthread_create CMakeFiles/cmTC_81c61.dir/CheckFunctionExists.c.o -o cmTC_81c61  -lpthread 
gmake[1]: Leaving directory `/home/cht/Tree-DB/build/CMakeFiles/CMakeScratch/TryCompile-geq5sh'



