Performing C SOURCE FILE Test CMAKE_HAVE_LIBC_PTHREAD failed with the following output:
Change Dir: /home/cht/Tree-DB/build-tree-db-g11/CMakeFiles/CMakeScratch/TryCompile-YjfP1u

Run Build Command(s):/usr/bin/gmake -f Makefile cmTC_b1e55/fast && /usr/bin/gmake  -f CMakeFiles/cmTC_b1e55.dir/build.make CMakeFiles/cmTC_b1e55.dir/build
gmake[1]: Entering directory `/home/cht/Tree-DB/build-tree-db-g11/CMakeFiles/CMakeScratch/TryCompile-YjfP1u'
/bin/sh: warning: setlocale: LC_ALL: cannot change locale (C.UTF-8)
Building C object CMakeFiles/cmTC_b1e55.dir/src.c.o
/usr/bin/gcc -DCMAKE_HAVE_LIBC_PTHREAD   -o CMakeFiles/cmTC_b1e55.dir/src.c.o -c /home/cht/Tree-DB/build-tree-db-g11/CMakeFiles/CMakeScratch/TryCompile-YjfP1u/src.c
/bin/sh: warning: setlocale: LC_ALL: cannot change locale (C.UTF-8)
Linking C executable cmTC_b1e55
/usr/local/bin/cmake -E cmake_link_script CMakeFiles/cmTC_b1e55.dir/link.txt --verbose=1
/usr/bin/gcc CMakeFiles/cmTC_b1e55.dir/src.c.o -o cmTC_b1e55 
CMakeFiles/cmTC_b1e55.dir/src.c.o: In function `main':
src.c:(.text+0x2d): undefined reference to `pthread_create'
src.c:(.text+0x39): undefined reference to `pthread_detach'
src.c:(.text+0x45): undefined reference to `pthread_cancel'
src.c:(.text+0x56): undefined reference to `pthread_join'
src.c:(.text+0x6a): undefined reference to `pthread_atfork'
collect2: error: ld returned 1 exit status
gmake[1]: *** [cmTC_b1e55] Error 1
gmake[1]: Leaving directory `/home/cht/Tree-DB/build-tree-db-g11/CMakeFiles/CMakeScratch/TryCompile-YjfP1u'
gmake: *** [cmTC_b1e55/fast] Error 2


Source file was:
#include <pthread.h>

static void* test_func(void* data)
{
  return data;
}

int main(void)
{
  pthread_t thread;
  pthread_create(&thread, NULL, test_func, NULL);
  pthread_detach(thread);
  pthread_cancel(thread);
  pthread_join(thread, NULL);
  pthread_atfork(NULL, NULL, NULL);
  pthread_exit(NULL);

  return 0;
}


Determining if the function pthread_create exists in the pthreads failed with the following output:
Change Dir: /home/cht/Tree-DB/build-tree-db-g11/CMakeFiles/CMakeScratch/TryCompile-2mBaOE

Run Build Command(s):/usr/bin/gmake -f Makefile cmTC_e6a84/fast && /usr/bin/gmake  -f CMakeFiles/cmTC_e6a84.dir/build.make CMakeFiles/cmTC_e6a84.dir/build
gmake[1]: Entering directory `/home/cht/Tree-DB/build-tree-db-g11/CMakeFiles/CMakeScratch/TryCompile-2mBaOE'
/bin/sh: warning: setlocale: LC_ALL: cannot change locale (C.UTF-8)
Building C object CMakeFiles/cmTC_e6a84.dir/CheckFunctionExists.c.o
/usr/bin/gcc   -DCHECK_FUNCTION_EXISTS=pthread_create -o CMakeFiles/cmTC_e6a84.dir/CheckFunctionExists.c.o -c /home/cht/Tree-DB/build-tree-db-g11/CMakeFiles/CMakeScratch/TryCompile-2mBaOE/CheckFunctionExists.c
/bin/sh: warning: setlocale: LC_ALL: cannot change locale (C.UTF-8)
Linking C executable cmTC_e6a84
/usr/local/bin/cmake -E cmake_link_script CMakeFiles/cmTC_e6a84.dir/link.txt --verbose=1
/usr/bin/gcc  -DCHECK_FUNCTION_EXISTS=pthread_create CMakeFiles/cmTC_e6a84.dir/CheckFunctionExists.c.o -o cmTC_e6a84  -lpthreads 
/usr/bin/ld: cannot find -lpthreads
collect2: error: ld returned 1 exit status
gmake[1]: *** [cmTC_e6a84] Error 1
gmake[1]: Leaving directory `/home/cht/Tree-DB/build-tree-db-g11/CMakeFiles/CMakeScratch/TryCompile-2mBaOE'
gmake: *** [cmTC_e6a84/fast] Error 2



